// TUI Test Snapshot v1

exports[`Days 66-72: Markdown Rendering › Day 67: Inline code renders with background color | 1`] = String.raw`
╭────────────────────────────────────────────────────────────────────────────────────────────────────────────────────────╮
│ Smithers v0.1.0 │   claude-sonnet-4                                                                                    │
│                                Note: ANTHROPIC_API_KEY not set. Running in demo mode.                                  │
│                                                                                                                        │
│                                Note: ANTHROPIC_API_KEY not set. Running in demo mode.                                  │
│                                                                                                                        │
│                                Note: ANTHROPIC_API_KEY not set. Running in demo mode.                                  │
│                                                                                                                        │
│                                Note: ANTHROPIC_API_KEY not set. Running in demo mode.                                  │
│                                                                                                                        │
│                                Note: ANTHROPIC_API_KEY not set. Running in demo mode.                                  │
│                                                                                                                        │
│                                Note: ANTHROPIC_API_KEY not set. Running in demo mode.                                  │
│                                                                                                                        │
│  │ こ ん に ち は                                                                                                           │
│                                                                                                                        │
│  │ trigger error                                                                                                       │
│                                                                                                                        │
│  I'm running in demo mode (no API key). Set ANTHROPICAPIKEY to enable AI responses.                                    │
│                                                                                                                        │
│  I'm running in demo mode (no API key). Set ANTHROPICAPIKEY to enable AI responses.                                    │
│                                                                                                                        │
│  │ hello                                                                                                               │
│                                                                                                                        │
│  I'm running in demo mode (no API key). Set ANTHROPICAPIKEY to enable AI responses.                                    │
│                                                                                                                        │
│  │ 🎉 celebration time 🚀                                                                                                │
│                                                                                                                        │
│  I'm running in demo mode (no API key). Set ANTHROPICAPIKEY to enable AI responses.                                    │
│                                                                                                                        │
│  │ Hello 世 界  🌍 مرحبا                                                                                                  │
│                                                                                                                        │
│  I'm running in demo mode (no API key). Set ANTHROPICAPIKEY to enable AI responses.                                    │
│                                                                                                                        │
│                                                                                                                        │
│  ╭──────────────────────────────────────────────────────────────────────────────────────────────────────────────────╮  │
│  │>                                                                                                                 │  │
│  │                                                                                                                  │  │
│  ╰──────────────────────────────────────────────────────────────────────────────────────────────────────────────────╯  │
│                                                                                                                        │
│ ? help │   Esc interrupt │   Ctrl+C clear │   / commands │                                                             │
╰────────────────────────────────────────────────────────────────────────────────────────────────────────────────────────╯
`;

exports[`Days 66-72: Markdown Rendering › Day 68: Headings render bold and colored | 1`] = String.raw`
╭────────────────────────────────────────────────────────────────────────────────────────────────────────────────────────╮
│ Smithers v0.1.0 │   claude-sonnet-4                                                                                    │
│                                Note: ANTHROPIC_API_KEY not set. Running in demo mode.                                  │
│                                                                                                                        │
│                                Note: ANTHROPIC_API_KEY not set. Running in demo mode.                                  │
│                                                                                                                        │
│                                Note: ANTHROPIC_API_KEY not set. Running in demo mode.                                  │
│                                                                                                                        │
│                                Note: ANTHROPIC_API_KEY not set. Running in demo mode.                                  │
│                                                                                                                        │
│                                Note: ANTHROPIC_API_KEY not set. Running in demo mode.                                  │
│                                                                                                                        │
│                                Note: ANTHROPIC_API_KEY not set. Running in demo mode.                                  │
│                                                                                                                        │
│  │ こ ん に ち は                                                                                                           │
│                                                                                                                        │
│  │ trigger error                                                                                                       │
│                                                                                                                        │
│  I'm running in demo mode (no API key). Set ANTHROPICAPIKEY to enable AI responses.                                    │
│                                                                                                                        │
│  I'm running in demo mode (no API key). Set ANTHROPICAPIKEY to enable AI responses.                                    │
│                                                                                                                        │
│  │ hello                                                                                                               │
│                                                                                                                        │
│  I'm running in demo mode (no API key). Set ANTHROPICAPIKEY to enable AI responses.                                    │
│                                                                                                                        │
│  │ 🎉 celebration time 🚀                                                                                                │
│                                                                                                                        │
│  I'm running in demo mode (no API key). Set ANTHROPICAPIKEY to enable AI responses.                                    │
│                                                                                                                        │
│  │ Hello 世 界  🌍 مرحبا                                                                                                  │
│                                                                                                                        │
│  I'm running in demo mode (no API key). Set ANTHROPICAPIKEY to enable AI responses.                                    │
│                                                                                                                        │
│                                                                                                                        │
│  ╭──────────────────────────────────────────────────────────────────────────────────────────────────────────────────╮  │
│  │>                                                                                                                 │  │
│  │                                                                                                                  │  │
│  ╰──────────────────────────────────────────────────────────────────────────────────────────────────────────────────╯  │
│                                                                                                                        │
│ ? help │   Esc interrupt │   Ctrl+C clear │   / commands │                                                             │
╰────────────────────────────────────────────────────────────────────────────────────────────────────────────────────────╯
`;

exports[`Days 66-72: Markdown Rendering › Day 69: Lists render with bullets and indentation | 1`] = String.raw`
╭────────────────────────────────────────────────────────────────────────────────────────────────────────────────────────╮
│ Smithers v0.1.0 │   claude-sonnet-4                                                                                    │
│                                Note: ANTHROPIC_API_KEY not set. Running in demo mode.                                  │
│                                                                                                                        │
│                                Note: ANTHROPIC_API_KEY not set. Running in demo mode.                                  │
│                                                                                                                        │
│                                Note: ANTHROPIC_API_KEY not set. Running in demo mode.                                  │
│                                                                                                                        │
│                                Note: ANTHROPIC_API_KEY not set. Running in demo mode.                                  │
│                                                                                                                        │
│                                Note: ANTHROPIC_API_KEY not set. Running in demo mode.                                  │
│                                                                                                                        │
│                                Note: ANTHROPIC_API_KEY not set. Running in demo mode.                                  │
│                                                                                                                        │
│  │ こ ん に ち は                                                                                                           │
│                                                                                                                        │
│  │ trigger error                                                                                                       │
│                                                                                                                        │
│  I'm running in demo mode (no API key). Set ANTHROPICAPIKEY to enable AI responses.                                    │
│                                                                                                                        │
│  I'm running in demo mode (no API key). Set ANTHROPICAPIKEY to enable AI responses.                                    │
│                                                                                                                        │
│  │ hello                                                                                                               │
│                                                                                                                        │
│  I'm running in demo mode (no API key). Set ANTHROPICAPIKEY to enable AI responses.                                    │
│                                                                                                                        │
│  │ 🎉 celebration time 🚀                                                                                                │
│                                                                                                                        │
│  I'm running in demo mode (no API key). Set ANTHROPICAPIKEY to enable AI responses.                                    │
│                                                                                                                        │
│  │ Hello 世 界  🌍 مرحبا                                                                                                  │
│                                                                                                                        │
│  I'm running in demo mode (no API key). Set ANTHROPICAPIKEY to enable AI responses.                                    │
│                                                                                                                        │
│                                                                                                                        │
│  ╭──────────────────────────────────────────────────────────────────────────────────────────────────────────────────╮  │
│  │>                                                                                                                 │  │
│  │                                                                                                                  │  │
│  ╰──────────────────────────────────────────────────────────────────────────────────────────────────────────────────╯  │
│                                                                                                                        │
│ ? help │   Esc interrupt │   Ctrl+C clear │   / commands │                                                             │
╰────────────────────────────────────────────────────────────────────────────────────────────────────────────────────────╯
`;

exports[`Days 66-72: Markdown Rendering › Day 70: Links render underlined | 1`] = String.raw`
╭────────────────────────────────────────────────────────────────────────────────────────────────────────────────────────╮
│ Smithers v0.1.0 │   claude-sonnet-4                                                                                    │
│                                Note: ANTHROPIC_API_KEY not set. Running in demo mode.                                  │
│                                                                                                                        │
│                                Note: ANTHROPIC_API_KEY not set. Running in demo mode.                                  │
│                                                                                                                        │
│                                Note: ANTHROPIC_API_KEY not set. Running in demo mode.                                  │
│                                                                                                                        │
│                                Note: ANTHROPIC_API_KEY not set. Running in demo mode.                                  │
│                                                                                                                        │
│                                Note: ANTHROPIC_API_KEY not set. Running in demo mode.                                  │
│                                                                                                                        │
│                                Note: ANTHROPIC_API_KEY not set. Running in demo mode.                                  │
│                                                                                                                        │
│  │ こ ん に ち は                                                                                                           │
│                                                                                                                        │
│  │ trigger error                                                                                                       │
│                                                                                                                        │
│  I'm running in demo mode (no API key). Set ANTHROPICAPIKEY to enable AI responses.                                    │
│                                                                                                                        │
│  I'm running in demo mode (no API key). Set ANTHROPICAPIKEY to enable AI responses.                                    │
│                                                                                                                        │
│  │ hello                                                                                                               │
│                                                                                                                        │
│  I'm running in demo mode (no API key). Set ANTHROPICAPIKEY to enable AI responses.                                    │
│                                                                                                                        │
│  │ 🎉 celebration time 🚀                                                                                                │
│                                                                                                                        │
│  I'm running in demo mode (no API key). Set ANTHROPICAPIKEY to enable AI responses.                                    │
│                                                                                                                        │
│  │ Hello 世 界  🌍 مرحبا                                                                                                  │
│                                                                                                                        │
│  I'm running in demo mode (no API key). Set ANTHROPICAPIKEY to enable AI responses.                                    │
│                                                                                                                        │
│                                                                                                                        │
│  ╭──────────────────────────────────────────────────────────────────────────────────────────────────────────────────╮  │
│  │>                                                                                                                 │  │
│  │                                                                                                                  │  │
│  ╰──────────────────────────────────────────────────────────────────────────────────────                               │
│                                                                                                                        │
│                                                                                                                        │
╰────────────────────────────────────────────────────────────────────────────────────────────────────────────────────────╯
`;

exports[`Days 66-72: Markdown Rendering › Day 71: Bold and italic text styled correctly | 1`] = String.raw`
╭────────────────────────────────────────────────────────────────────────────────────────────────────────────────────────╮
│ Smithers v0.1.0 │   claude-sonnet-4                                                                                    │
│                                Note: ANTHROPIC_API_KEY not set. Running in demo mode.                                  │
│                                                                                                                        │
│                                Note: ANTHROPIC_API_KEY not set. Running in demo mode.                                  │
│                                                                                                                        │
│                                Note: ANTHROPIC_API_KEY not set. Running in demo mode.                                  │
│                                                                                                                        │
│                                Note: ANTHROPIC_API_KEY not set. Running in demo mode.                                  │
│                                                                                                                        │
│                                Note: ANTHROPIC_API_KEY not set. Running in demo mode.                                  │
│                                                                                                                        │
│                                Note: ANTHROPIC_API_KEY not set. Running in demo mode.                                  │
│                                                                                                                        │
│  │ こ ん に ち は                                                                                                           │
│                                                                                                                        │
│  │ trigger error                                                                                                       │
│                                                                                                                        │
│  I'm running in demo mode (no API key). Set ANTHROPICAPIKEY to enable AI responses.                                    │
│                                                                                                                        │
│  I'm running in demo mode (no API key). Set ANTHROPICAPIKEY to enable AI responses.                                    │
│                                                                                                                        │
│  │ hello                                                                                                               │
│                                                                                                                        │
│  I'm running in demo mode (no API key). Set ANTHROPICAPIKEY to enable AI responses.                                    │
│                                                                                                                        │
│  │ 🎉 celebration time 🚀                                                                                                │
│                                                                                                                        │
│  I'm running in demo mode (no API key). Set ANTHROPICAPIKEY to enable AI responses.                                    │
│                                                                                                                        │
│  │ Hello 世 界  🌍 مرحبا                                                                                                  │
│                                                                                                                        │
│  I'm running in demo mode (no API key). Set ANTHROPICAPIKEY to enable AI responses.                                    │
│                                                                                                                        │
│                                                                                                                        │
│  ╭──────────────────────────────────────────────────────────────────────────────────────────────────────────────────╮  │
│  │>                                                                                                                 │  │
│  │                                                                                                                  │  │
│  ╰──────────────────────────────────────────────────────────────────────────────────────────────────────────────────╯  │
│                                                                                                                        │
│ ? help │   Esc interrupt │   Ctrl+C clear │   / commands │                                                             │
╰────────────────────────────────────────────────────────────────────────────────────────────────────────────────────────╯
`;

exports[`Days 66-72: Markdown Rendering › Day 72: Blockquotes render with quoted style | 1`] = String.raw`
╭────────────────────────────────────────────────────────────────────────────────────────────────────────────────────────╮
│ Smithers v0.1.0 │   claude-sonnet-4                                                                                    │
│                                Note: ANTHROPIC_API_KEY not set. Running in demo mode.                                  │
│                                                                                                                        │
│                                Note: ANTHROPIC_API_KEY not set. Running in demo mode.                                  │
│                                                                                                                        │
│                                Note: ANTHROPIC_API_KEY not set. Running in demo mode.                                  │
│                                                                                                                        │
│                                Note: ANTHROPIC_API_KEY not set. Running in demo mode.                                  │
│                                                                                                                        │
│                                Note: ANTHROPIC_API_KEY not set. Running in demo mode.                                  │
│                                                                                                                        │
│                                Note: ANTHROPIC_API_KEY not set. Running in demo mode.                                  │
│                                                                                                                        │
│  │ こ ん に ち は                                                                                                           │
│                                                                                                                        │
│  │ trigger error                                                                                                       │
│                                                                                                                        │
│  I'm running in demo mode (no API key). Set ANTHROPICAPIKEY to enable AI responses.                                    │
│                                                                                                                        │
│  I'm running in demo mode (no API key). Set ANTHROPICAPIKEY to enable AI responses.                                    │
│                                                                                                                        │
│  │ hello                                                                                                               │
│                                                                                                                        │
│  I'm running in demo mode (no API key). Set ANTHROPICAPIKEY to enable AI responses.                                    │
│                                                                                                                        │
│  │ 🎉 celebration time 🚀                                                                                                │
│                                                                                                                        │
│  I'm running in demo mode (no API key). Set ANTHROPICAPIKEY to enable AI responses.                                    │
│                                                                                                                        │
│  │ Hello 世 界  🌍 مرحبا                                                                                                  │
│                                                                                                                        │
│  I'm running in demo mode (no API key). Set ANTHROPICAPIKEY to enable AI responses.                                    │
│                                                                                                                        │
│                                                                                                                        │
│  ╭──────────────────────────────────────────────────────────────────────────────────────────────────────────────────╮  │
│  │>                                                                                                                 │  │
│  │                                                                                                                  │  │
│  ╰──────────────────────────────────────────────────────────────────────────────────────────────────────────────────╯  │
│                                                                                                                        │
│ ? help │   Esc interrupt │   Ctrl+C clear │   / commands │                                                             │
╰────────────────────────────────────────────────────────────────────────────────────────────────────────────────────────╯
`;

exports[`Days 73-78: Status Bar & Header › Day 73: Header shows logo and session info | 1`] = String.raw`
╭────────────────────────────────────────────────────────────────────────────────────────────────────────────────────────╮
│ Smithers v0.1.0 │   claude-sonnet-4                                                                                    │
│                                Note: ANTHROPIC_API_KEY not set. Running in demo mode.                                  │
│                                                                                                                        │
│                                Note: ANTHROPIC_API_KEY not set. Running in demo mode.                                  │
│                                                                                                                        │
│                                Note: ANTHROPIC_API_KEY not set. Running in demo mode.                                  │
│                                                                                                                        │
│                                Note: ANTHROPIC_API_KEY not set. Running in demo mode.                                  │
│                                                                                                                        │
│                                Note: ANTHROPIC_API_KEY not set. Running in demo mode.                                  │
│                                                                                                                        │
│                                Note: ANTHROPIC_API_KEY not set. Running in demo mode.                                  │
│                                                                                                                        │
│  │ こ ん に ち は                                                                                                           │
│                                                                                                                        │
│  │ trigger error                                                                                                       │
│                                                                                                                        │
│  I'm running in demo mode (no API key). Set ANTHROPICAPIKEY to enable AI responses.                                    │
│                                                                                                                        │
│  I'm running in demo mode (no API key). Set ANTHROPICAPIKEY to enable AI responses.                                    │
│                                                                                                                        │
│  │ hello                                                                                                               │
│                                                                                                                        │
│  I'm running in demo mode (no API key). Set ANTHROPICAPIKEY to enable AI responses.                                    │
│                                                                                                                        │
│  │ 🎉 celebration time 🚀                                                                                                │
│                                                                                                                        │
│  I'm running in demo mode (no API key). Set ANTHROPICAPIKEY to enable AI responses.                                    │
│                                                                                                                        │
│  │ Hello 世 界  🌍 مرحبا                                                                                                  │
│                                                                                                                        │
│  I'm running in demo mode (no API key). Set ANTHROPICAPIKEY to enable AI responses.                                    │
│                                                                                                                        │
│                                                                                                                        │
│  ╭──────────────────────────────────────────────────────────────────────────────────────────────────────────────────╮  │
│  │>                                                                                                                 │  │
│  │                                                                                                                  │  │
│  ╰──────────────────────────────────────────────────────────────────────────────────────────────────────────────────╯  │
│                                                                                                                        │
│ ? help │   Esc interrupt │   Ctrl+C clear │   / commands │                                                             │
╰────────────────────────────────────────────────────────────────────────────────────────────────────────────────────────╯
`;

exports[`Days 73-78: Status Bar & Header › Day 74: Status bar shows key shortcuts | 1`] = String.raw`
╭────────────────────────────────────────────────────────────────────────────────────────────────────────────────────────╮
│ Smithers v0.1.0 │   claude-sonnet-4                                                                                    │
│                                Note: ANTHROPIC_API_KEY not set. Running in demo mode.                                  │
│                                                                                                                        │
│                                Note: ANTHROPIC_API_KEY not set. Running in demo mode.                                  │
│                                                                                                                        │
│                                Note: ANTHROPIC_API_KEY not set. Running in demo mode.                                  │
│                                                                                                                        │
│                                Note: ANTHROPIC_API_KEY not set. Running in demo mode.                                  │
│                                                                                                                        │
│                                Note: ANTHROPIC_API_KEY not set. Running in demo mode.                                  │
│                                                                                                                        │
│                                Note: ANTHROPIC_API_KEY not set. Running in demo mode.                                  │
│                                                                                                                        │
│  │ こ ん に ち は                                                                                                           │
│                                                                                                                        │
│  │ trigger error                                                                                                       │
│                                                                                                                        │
│  I'm running in demo mode (no API key). Set ANTHROPICAPIKEY to enable AI responses.                                    │
│                                                                                                                        │
│  I'm running in demo mode (no API key). Set ANTHROPICAPIKEY to enable AI responses.                                    │
│                                                                                                                        │
│  │ hello                                                                                                               │
│                                                                                                                        │
│  I'm running in demo mode (no API key). Set ANTHROPICAPIKEY to enable AI responses.                                    │
│                                                                                                                        │
│  │ 🎉 celebration time 🚀                                                                                                │
│                                                                                                                        │
│  I'm running in demo mode (no API key). Set ANTHROPICAPIKEY to enable AI responses.                                    │
│                                                                                                                        │
│  │ Hello 世 界  🌍 مرحبا                                                                                                  │
│                                                                                                                        │
│  I'm running in demo mode (no API key). Set ANTHROPICAPIKEY to enable AI responses.                                    │
│                                                                                                                        │
│                                                                                                                        │
│  ╭──────────────────────────────────────────────────────────────────────────────────────────────────────────────────╮  │
│  │>                                                                                                                 │  │
│  │                                                                                                                  │  │
│  ╰──────────────────────────────────────────────────────────────────────────────────────────────────────────────────╯  │
│                                                                                                                        │
│ ? help │   Esc interrupt │   Ctrl+C clear │   / commands │                                                             │
╰────────────────────────────────────────────────────────────────────────────────────────────────────────────────────────╯
`;

exports[`Days 73-78: Status Bar & Header › Day 75: Loading spinner visible during AI call | 1`] = String.raw`
╭────────────────────────────────────────────────────────────────────────────────────────────────────────────────────────╮
│ Smithers v0.1.0 │   claude-sonnet-4                                                                                    │
│                                Note: ANTHROPIC_API_KEY not set. Running in demo mode.                                  │
│                                                                                                                        │
│                                Note: ANTHROPIC_API_KEY not set. Running in demo mode.                                  │
│                                                                                                                        │
│                                Note: ANTHROPIC_API_KEY not set. Running in demo mode.                                  │
│                                                                                                                        │
│                                Note: ANTHROPIC_API_KEY not set. Running in demo mode.                                  │
│                                                                                                                        │
│                                Note: ANTHROPIC_API_KEY not set. Running in demo mode.                                  │
│                                                                                                                        │
│                                Note: ANTHROPIC_API_KEY not set. Running in demo mode.                                  │
│                                                                                                                        │
│  │ こ ん に ち は                                                                                                           │
│                                                                                                                        │
│  │ trigger error                                                                                                       │
│                                                                                                                        │
│  I'm running in demo mode (no API key). Set ANTHROPICAPIKEY to enable AI responses.                                    │
│                                                                                                                        │
│  I'm running in demo mode (no API key). Set ANTHROPICAPIKEY to enable AI responses.                                    │
│                                                                                                                        │
│  │ hello                                                                                                               │
│                                                                                                                        │
│  I'm running in demo mode (no API key). Set ANTHROPICAPIKEY to enable AI responses.                                    │
│                                                                                                                        │
│  │ 🎉 celebration time 🚀                                                                                                │
│                                                                                                                        │
│  I'm running in demo mode (no API key). Set ANTHROPICAPIKEY to enable AI responses.                                    │
│                                                                                                                        │
│  │ Hello 世 界  🌍 مرحبا                                                                                                  │
│                                                                                                                        │
│  I'm running in demo mode (no API key). Set ANTHROPICAPIKEY to enable AI responses.                                    │
│                                                                                                                        │
│                                                                                                                        │
│  ╭──────────────────────────────────────────────────────────────────────────────────────────────────────────────────╮  │
│  │>                                                                                                                 │  │
│  │                                                                                                                  │  │
│  ╰──────────────────────────────────────────────────────────────────────────────────────────────────────────────────╯  │
│                                                                                                                        │
│ ? help │   Esc interrupt │   Ctrl+C clear │   / commands │                                                             │
╰────────────────────────────────────────────────────────────────────────────────────────────────────────────────────────╯
`;

exports[`Days 73-78: Status Bar & Header › Day 76: Model name displayed in header | 1`] = String.raw`
╭────────────────────────────────────────────────────────────────────────────────────────────────────────────────────────╮
│ Smithers v0.1.0 │   claude-sonnet-4                                                                                    │
│                                Note: ANTHROPIC_API_KEY not set. Running in demo mode.                                  │
│                                                                                                                        │
│                                Note: ANTHROPIC_API_KEY not set. Running in demo mode.                                  │
│                                                                                                                        │
│                                Note: ANTHROPIC_API_KEY not set. Running in demo mode.                                  │
│                                                                                                                        │
│                                Note: ANTHROPIC_API_KEY not set. Running in demo mode.                                  │
│                                                                                                                        │
│                                Note: ANTHROPIC_API_KEY not set. Running in demo mode.                                  │
│                                                                                                                        │
│                                Note: ANTHROPIC_API_KEY not set. Running in demo mode.                                  │
│                                                                                                                        │
│  │ こ ん に ち は                                                                                                           │
│                                                                                                                        │
│  │ trigger error                                                                                                       │
│                                                                                                                        │
│  I'm running in demo mode (no API key). Set ANTHROPICAPIKEY to enable AI responses.                                    │
│                                                                                                                        │
│  I'm running in demo mode (no API key). Set ANTHROPICAPIKEY to enable AI responses.                                    │
│                                                                                                                        │
│  │ hello                                                                                                               │
│                                                                                                                        │
│  I'm running in demo mode (no API key). Set ANTHROPICAPIKEY to enable AI responses.                                    │
│                                                                                                                        │
│  │ 🎉 celebration time 🚀                                                                                                │
│                                                                                                                        │
│  I'm running in demo mode (no API key). Set ANTHROPICAPIKEY to enable AI responses.                                    │
│                                                                                                                        │
│  │ Hello 世 界  🌍 مرحبا                                                                                                  │
│                                                                                                                        │
│  I'm running in demo mode (no API key). Set ANTHROPICAPIKEY to enable AI responses.                                    │
│                                                                                                                        │
│                                                                                                                        │
│  ╭──────────────────────────────────────────────────────────────────────────────────────────────────────────────────╮  │
│  │>                                                                                                                 │  │
│  │                                                                                                                  │  │
│  ╰──────────────────────────────────────────────────────────────────────────────────────────────────────────────────╯  │
│                                                                                                                        │
│ ? help │   Esc interrupt │   Ctrl+C clear │   / commands │                                                             │
╰────────────────────────────────────────────────────────────────────────────────────────────────────────────────────────╯
`;

exports[`Days 73-78: Status Bar & Header › Day 77: Token count visible after response | 1`] = String.raw`
╭────────────────────────────────────────────────────────────────────────────────────────────────────────────────────────╮
│ Smithers v0.1.0 │   claude-sonnet-4                                                                                    │
│                                Note: ANTHROPIC_API_KEY not set. Running in demo mode.                                  │
│                                                                                                                        │
│                                Note: ANTHROPIC_API_KEY not set. Running in demo mode.                                  │
│                                                                                                                        │
│                                Note: ANTHROPIC_API_KEY not set. Running in demo mode.                                  │
│                                                                                                                        │
│                                Note: ANTHROPIC_API_KEY not set. Running in demo mode.                                  │
│                                                                                                                        │
│                                Note: ANTHROPIC_API_KEY not set. Running in demo mode.                                  │
│                                                                                                                        │
│                                Note: ANTHROPIC_API_KEY not set. Running in demo mode.                                  │
│                                                                                                                        │
│  │ こ ん に ち は                                                                                                           │
│                                                                                                                        │
│  │ trigger error                                                                                                       │
│                                                                                                                        │
│  I'm running in demo mode (no API key). Set ANTHROPICAPIKEY to enable AI responses.                                    │
│                                                                                                                        │
│  I'm running in demo mode (no API key). Set ANTHROPICAPIKEY to enable AI responses.                                    │
│                                                                                                                        │
│  │ hello                                                                                                               │
│                                                                                                                        │
│  I'm running in demo mode (no API key). Set ANTHROPICAPIKEY to enable AI responses.                                    │
│                                                                                                                        │
│  │ 🎉 celebration time 🚀                                                                                                │
│                                                                                                                        │
│  I'm running in demo mode (no API key). Set ANTHROPICAPIKEY to enable AI responses.                                    │
│                                                                                                                        │
│  │ Hello 世 界  🌍 مرحبا                                                                                                  │
│                                                                                                                        │
│  I'm running in demo mode (no API key). Set ANTHROPICAPIKEY to enable AI responses.                                    │
│                                                                                                                        │
│                                                                                                                        │
│  ╭──────────────────────────────────────────────────────────────────────────────────────────────────────────────────╮  │
│  │>                                                                                                                 │  │
│  │                                                                                                                  │  │
│  ╰──────────────────────────────────────────────────────────────────────────────────────────────────────────────────╯  │
│                                                                                                                        │
│ ? help │   Esc interrupt │   Ctrl+C clear │   / commands │                                                             │
╰────────────────────────────────────────────────────────────────────────────────────────────────────────────────────────╯
`;

