// TUI Test Snapshot v1

exports[`Days 79-82: Help Overlay › Day 79: Help overlay appears on ? key | 1`] = String.raw`
╭────────────────────────────────────────────────────────────────────────────────────────────────────────────────────────╮
│ Smithers v0.1.0 │   claude-sonnet-4                                                                                    │
│                                Note: ANTHROPIC_API_KEY not set. Running in demo mode.                                  │
│                                                                                                                        │
│                                Note: ANTHROPIC_API_KEY not set. Running in demo mode.                                  │
│                                                                                                                        │
│                                Note: ANTHROPIC_API_KEY not set. Running in demo mode.                                  │
│                                                                                                                        │
│                                Note: ANTHROPIC_API_KEY not set. Running in demo mode.                                  │
│                                                                                                                        │
│                                Note: ANTHROPIC_API_KEY not set. Running in demo mode.                                  │
│                                                                                                                        │
│                                Note: ANTHROPIC_API_KEY not set. Running in demo mode.                                  │
│                                                                                                                        │
│  │ こ ん に ち は                                                                                                           │
│                                                                                                                        │
│  │ trigger error                                                                                                       │
│                                                                                                                        │
│  I'm running in demo mode (no API key). Set ANTHROPICAPIKEY to enable AI responses.                                    │
│                                                                                                                        │
│  I'm running in demo mode (no API key). Set ANTHROPICAPIKEY to enable AI responses.                                    │
│                                                                                                                        │
│  │ hello                                                                                                               │
│                                                                                                                        │
│  I'm running in demo mode (no API key). Set ANTHROPICAPIKEY to enable AI responses.                                    │
│                                                                                                                        │
│  │ 🎉 celebration time 🚀                                                                                                │
│                                                                                                                        │
│  I'm running in demo mode (no API key). Set ANTHROPICAPIKEY to enable AI responses.                                    │
│                                                                                                                        │
│  │ Hello 世 界  🌍 مرحبا                                                                                                  │
│                                                                                                                        │
│  I'm running in demo mode (no API key). Set ANTHROPICAPIKEY to enable AI responses.                                    │
│                                                                                                                        │
│                                                                                                                        │
│  ╭──────────────────────────────────────────────────────────────────────────────────────────────────────────────────╮  │
│  │>                                                                                                                 │  │
│  │                                                                                                                  │  │
│  ╰──────────────────────────────────────────────────────────────────────────────────────────────────────────────────╯  │
│                                                                                                                        │
│ ? help │   Esc interrupt │   Ctrl+C clear │   / commands │                                                             │
╰────────────────────────────────────────────────────────────────────────────────────────────────────────────────────────╯
`;

exports[`Days 79-82: Help Overlay › Day 80: Help overlay dismisses on Escape | 1`] = String.raw`
╭────────────────────────────────────────────────────────────────────────────────────────────────────────────────────────╮
│ Smithers v0.1.0 │   claude-sonnet-4                                                                                    │
│                                Note: ANTHROPIC_API_KEY not set. Running in demo mode.                                  │
│                                                                                                                        │
│                                Note: ANTHROPIC_API_KEY not set. Running in demo mode.                                  │
│                                                                                                                        │
│                                Note: ANTHROPIC_API_KEY not set. Running in demo mode.                                  │
│                                                                                                                        │
│                                Note: ANTHROPIC_API_KEY not set. Running in demo mode.                                  │
│                                                                                                                        │
│                                Note: ANTHROPIC_API_KEY not set. Running in demo mode.                                  │
│                                                                                                                        │
│                                Note: ANTHROPIC_API_KEY not set. Running in demo mode.                                  │
│                                                                                                                        │
│  │ こ ん に ち は                                                                                                           │
│                                                                                                                        │
│  │ trigger error                                                                                                       │
│                                                                                                                        │
│  I'm running in demo mode (no API key). Set ANTHROPICAPIKEY to enable AI responses.                                    │
│                                                                                                                        │
│  I'm running in demo mode (no API key). Set ANTHROPICAPIKEY to enable AI responses.                                    │
│                                                                                                                        │
│  │ hello                                                                                                               │
│                                                                                                                        │
│  I'm running in demo mode (no API key). Set ANTHROPICAPIKEY to enable AI responses.                                    │
│                                                                                                                        │
│  │ 🎉 celebration time 🚀                                                                                                │
│                                                                                                                        │
│  I'm running in demo mode (no API key). Set ANTHROPICAPIKEY to enable AI responses.                                    │
│                                                                                                                        │
│  │ Hello 世 界  🌍 مرحبا                                                                                                  │
│                                                                                                                        │
│  I'm running in demo mode (no API key). Set ANTHROPICAPIKEY to enable AI responses.                                    │
│                                                                                                                        │
│                                                                                                                        │
│  ╭──────────────────────────────────────────────────────────────────────────────────────────────────────────────────╮  │
│  │>                                                                                                                 │  │
│  │                                                                                                                  │  │
│  ╰──────────────────────────────────────────────────────────────────────────────────────                               │
│                                                                                                                        │
│                                                                                                                        │
╰────────────────────────────────────────────────────────────────────────────────────────────────────────────────────────╯
`;

exports[`Days 79-82: Help Overlay › Day 82: Help overlay scrolls with arrow keys | 1`] = String.raw`
╭────────────────────────────────────────────────────────────────────────────────────────────────────────────────────────╮
│ Smithers v0.1.0 │   claude-sonnet-4                                                                                    │
│                                Note: ANTHROPIC_API_KEY not set. Running in demo mode.                                  │
│                                                                                                                        │
│                                Note: ANTHROPIC_API_KEY not set. Running in demo mode.                                  │
│                                                                                                                        │
│                                Note: ANTHROPIC_API_KEY not set. Running in demo mode.                                  │
│                                                                                                                        │
│                                Note: ANTHROPIC_API_KEY not set. Running in demo mode.                                  │
│                                                                                                                        │
│                                Note: ANTHROPIC_API_KEY not set. Running in demo mode.                                  │
│                                                                                                                        │
│                                Note: ANTHROPIC_API_KEY not set. Running in demo mode.                                  │
│                                                                                                                        │
│  │ こ ん に ち は                                                                                                           │
│                                                                                                                        │
│  │ trigger error                                                                                                       │
│                                                                                                                        │
│  I'm running in demo mode (no API key). Set ANTHROPICAPIKEY to enable AI responses.                                    │
│                                                                                                                        │
│  I'm running in demo mode (no API key). Set ANTHROPICAPIKEY to enable AI responses.                                    │
│                                                                                                                        │
│  │ hello                                                                                                               │
│                                                                                                                        │
│  I'm running in demo mode (no API key). Set ANTHROPICAPIKEY to enable AI responses.                                    │
│                                                                                                                        │
│  │ 🎉 celebration time 🚀                                                                                                │
│                                                                                                                        │
│  I'm running in demo mode (no API key). Set ANTHROPICAPIKEY to enable AI responses.                                    │
│                                                                                                                        │
│  │ Hello 世 界  🌍 مرحبا                                                                                                  │
│                                                                                                                        │
│  I'm running in demo mode (no API key). Set ANTHROPICAPIKEY to enable AI responses.                                    │
│                                                                                                                        │
│                                                                                                                        │
│  ╭──────────────────────────────────────────────────────────────────────────────────────────────────────────────────╮  │
│  │>                                                                                                                 │  │
│  │                                                                                                                  │  │
│  ╰──────────────────────────────────────────────────────────────────────────────────────────────────────────────────╯  │
│                                                                                                                        │
│ ? help │   Esc interrupt │   Ctrl+C clear │   / commands │                                                             │
╰────────────────────────────────────────────────────────────────────────────────────────────────────────────────────────╯
`;

exports[`Days 83-88: Command Popup › Day 83: Command popup appears on / key | 1`] = String.raw`
╭────────────────────────────────────────────────────────────────────────────────────────────────────────────────────────╮
│ Smithers v0.1.0 │   claude-sonnet-4                                                                                    │
│                                Note: ANTHROPIC_API_KEY not set. Running in demo mode.                                  │
│                                                                                                                        │
│                                Note: ANTHROPIC_API_KEY not set. Running in demo mode.                                  │
│                                                                                                                        │
│                                Note: ANTHROPIC_API_KEY not set. Running in demo mode.                                  │
│                                                                                                                        │
│                                Note: ANTHROPIC_API_KEY not set. Running in demo mode.                                  │
│                                                                                                                        │
│                                Note: ANTHROPIC_API_KEY not set. Running in demo mode.                                  │
│                                                                                                                        │
│                                Note: ANTHROPIC_API_KEY not set. Running in demo mode.                                  │
│                                                                                                                        │
│  │ こ ん に ち は                                                                                                           │
│                                                                                                                        │
│  │ trigger error                                                                                                       │
│                                                                                                                        │
│  I'm running in demo mode (no API key). Set ANTHROPICAPIKEY to enable AI responses.                                    │
│                                                                                                                        │
│  I'm running in demo mode (no API key). Set ANTHROPICAPIKEY to enable AI responses.                                    │
│                                                                                                                        │
│  │ hello                                                                                                               │
│                                                                                                                        │
│  I'm running in demo mode (no API key). Set ANTHROPICAPIKEY to enable AI responses.                                    │
│                                                                                                                        │
│  │ 🎉 celebration time 🚀                                                                                                │
│                                                                                                                        │
│  I'm running in demo mode (no API key). Set ANTHROPICAPIKEY to enable AI responses.                                    │
│                                                                                                                        │
│  │ Hello 世 界  🌍 مرحبا                                                                                                  │
│                                                                                                                        │
│  I'm running in demo mode (no API key). Set ANTHROPICAPIKEY to enable AI responses.                                    │
│                                                                                                                        │
│                                                                                                                        │
│  ╭──────────────────────────────────────────────────────────────────────────────────────────────────────────────────╮  │
│  │>                                                                                                                 │  │
│  │                                                                                                                  │  │
│  ╰──────────────────────────────────────────────────────────────────────────────────────────────────────────────────╯  │
│                                                                                                                        │
│ ? help │   Esc interrupt │   Ctrl+C clear │   / commands │                                                             │
╰────────────────────────────────────────────────────────────────────────────────────────────────────────────────────────╯
`;

exports[`Days 83-88: Command Popup › Day 84: Command popup filters on input | 1`] = String.raw`
╭────────────────────────────────────────────────────────────────────────────────────────────────────────────────────────╮
│ Smithers v0.1.0 │   claude-sonnet-4                                                                                    │
│                                Note: ANTHROPIC_API_KEY not set. Running in demo mode.                                  │
│                                                                                                                        │
│                                Note: ANTHROPIC_API_KEY not set. Running in demo mode.                                  │
│                                                                                                                        │
│                                Note: ANTHROPIC_API_KEY not set. Running in demo mode.                                  │
│                                                                                                                        │
│                                Note: ANTHROPIC_API_KEY not set. Running in demo mode.                                  │
│                                                                                                                        │
│                                Note: ANTHROPIC_API_KEY not set. Running in demo mode.                                  │
│                                                                                                                        │
│                                Note: ANTHROPIC_API_KEY not set. Running in demo mode.                                  │
│                                                                                                                        │
│  │ こ ん に ち は                                                                                                           │
│                                                                                                                        │
│  │ trigger error                                                                                                       │
│                                                                                                                        │
│  I'm running in demo mode (no API key). Set ANTHROPICAPIKEY to enable AI responses.                                    │
│                                                                                                                        │
│  I'm running in demo mode (no API key). Set ANTHROPICAPIKEY to enable AI responses.                                    │
│                                                                                                                        │
│  │ hello                                                                                                               │
│                                                                                                                        │
│  I'm running in demo mode (no API key). Set ANTHROPICAPIKEY to enable AI responses.                                    │
│                                                                                                                        │
│  │ 🎉 celebration time 🚀                                                                                                │
│                                                                                                                        │
│  I'm running in demo mode (no API key). Set ANTHROPICAPIKEY to enable AI responses.                                    │
│                                                                                                                        │
│  │ Hello 世 界  🌍 مرحبا                                                                                                  │
│                                                                                                                        │
│  I'm running in demo mode (no API key). Set ANTHROPICAPIKEY to enable AI responses.                                    │
│                                                                                                                        │
│                                                                                                                        │
│  ╭──────────────────────────────────────────────────────────────────────────────────────────────────────────────────╮  │
│  │>                                                                                                                 │  │
│  │                                                                                                                  │  │
│  ╰──────────────────────────────────────────────────────────────────────────────────────                               │
│                                                                                                                        │
│                                                                                                                        │
╰────────────────────────────────────────────────────────────────────────────────────────────────────────────────────────╯
`;

exports[`Days 83-88: Command Popup › Day 85: Command popup navigates down | 1`] = String.raw`
╭────────────────────────────────────────────────────────────────────────────────────────────────────────────────────────╮
│ Smithers v0.1.0 │   claude-sonnet-4                                                                                    │
│                                Note: ANTHROPIC_API_KEY not set. Running in demo mode.                                  │
│                                                                                                                        │
│                                Note: ANTHROPIC_API_KEY not set. Running in demo mode.                                  │
│                                                                                                                        │
│                                Note: ANTHROPIC_API_KEY not set. Running in demo mode.                                  │
│                                                                                                                        │
│                                Note: ANTHROPIC_API_KEY not set. Running in demo mode.                                  │
│                                                                                                                        │
│                                Note: ANTHROPIC_API_KEY not set. Running in demo mode.                                  │
│                                                                                                                        │
│                                Note: ANTHROPIC_API_KEY not set. Running in demo mode.                                  │
│                                                                                                                        │
│  │ こ ん に ち は                                                                                                           │
│                                                                                                                        │
│  │ trigger error                                                                                                       │
│                                                                                                                        │
│  I'm running in demo mode (no API key). Set ANTHROPICAPIKEY to enable AI responses.                                    │
│                                                                                                                        │
│  I'm running in demo mode (no API key). Set ANTHROPICAPIKEY to enable AI responses.                                    │
│                                                                                                                        │
│  │ hello                                                                                                               │
│                                                                                                                        │
│  I'm running in demo mode (no API key). Set ANTHROPICAPIKEY to enable AI responses.                                    │
│                                                                                                                        │
│  │ 🎉 celebration time 🚀                                                                                                │
│                                                                                                                        │
│  I'm running in demo mode (no API key). Set ANTHROPICAPIKEY to enable AI responses.                                    │
│                                                                                                                        │
│  │ Hello 世 界  🌍 مرحبا                                                                                                  │
│                                                                                                                        │
│  I'm running in demo mode (no API key). Set ANTHROPICAPIKEY to enable AI responses.                                    │
│                                                                                                                        │
│                                                                                                                        │
│  ╭──────────────────────────────────────────────────────────────────────────────────────────────────────────────────╮  │
│  │>                                                                                                                 │  │
│  │                                                                                                                  │  │
│  ╰──────────────────────────────────────────────────────────────────────────────────────────────────────────────────╯  │
│                                                                                                                        │
│ ? help │   Esc interrupt │   Ctrl+C clear │   / commands │                                                             │
╰────────────────────────────────────────────────────────────────────────────────────────────────────────────────────────╯
`;

exports[`Days 83-88: Command Popup › Day 86: Command popup navigates up | 1`] = String.raw`
╭────────────────────────────────────────────────────────────────────────────────────────────────────────────────────────╮
│ Smithers v0.1.0 │   claude-sonnet-4                                                                                    │
│                                Note: ANTHROPIC_API_KEY not set. Running in demo mode.                                  │
│                                                                                                                        │
│                                Note: ANTHROPIC_API_KEY not set. Running in demo mode.                                  │
│                                                                                                                        │
│                                Note: ANTHROPIC_API_KEY not set. Running in demo mode.                                  │
│                                                                                                                        │
│                                Note: ANTHROPIC_API_KEY not set. Running in demo mode.                                  │
│                                                                                                                        │
│                                Note: ANTHROPIC_API_KEY not set. Running in demo mode.                                  │
│                                                                                                                        │
│                                Note: ANTHROPIC_API_KEY not set. Running in demo mode.                                  │
│                                                                                                                        │
│  │ こ ん に ち は                                                                                                           │
│                                                                                                                        │
│  │ trigger error                                                                                                       │
│                                                                                                                        │
│  I'm running in demo mode (no API key). Set ANTHROPICAPIKEY to enable AI responses.                                    │
│                                                                                                                        │
│  I'm running in demo mode (no API key). Set ANTHROPICAPIKEY to enable AI responses.                                    │
│                                                                                                                        │
│  │ hello                                                                                                               │
│                                                                                                                        │
│  I'm running in demo mode (no API key). Set ANTHROPICAPIKEY to enable AI responses.                                    │
│                                                                                                                        │
│  │ 🎉 celebration time 🚀                                                                                                │
│                                                                                                                        │
│  I'm running in demo mode (no API key). Set ANTHROPICAPIKEY to enable AI responses.                                    │
│                                                                                                                        │
│  │ Hello 世 界  🌍 مرحبا                                                                                                  │
│                                                                                                                        │
│  I'm running in demo mode (no API key). Set ANTHROPICAPIKEY to enable AI responses.                                    │
│                                                                                                                        │
│                                                                                                                        │
│  ╭──────────────────────────────────────────────────────────────────────────────────────────────────────────────────╮  │
│  │>                                                                                                                 │  │
│  │                                                                                                                  │  │
│  ╰──────────────────────────────────────────────────────────────────────────────────────────────────────────────────╯  │
│                                                                                                                        │
│ ? help │   Esc interrupt │   Ctrl+C clear │   / commands │                                                             │
╰────────────────────────────────────────────────────────────────────────────────────────────────────────────────────────╯
`;

exports[`Days 83-88: Command Popup › Day 87: Command popup executes on Enter | 1`] = String.raw`
╭────────────────────────────────────────────────────────────────────────────────────────────────────────────────────────╮
│ Smithers v0.1.0 │   claude-sonnet-4                                                                                    │
│                                Note: ANTHROPIC_API_KEY not set. Running in demo mode.                                  │
│                                                                                                                        │
│                                Note: ANTHROPIC_API_KEY not set. Running in demo mode.                                  │
│                                                                                                                        │
│                                Note: ANTHROPIC_API_KEY not set. Running in demo mode.                                  │
│                                                                                                                        │
│                                Note: ANTHROPIC_API_KEY not set. Running in demo mode.                                  │
│                                                                                                                        │
│                                Note: ANTHROPIC_API_KEY not set. Running in demo mode.                                  │
│                                                                                                                        │
│                                Note: ANTHROPIC_API_KEY not set. Running in demo mode.                                  │
│                                                                                                                        │
│  │ こ ん に ち は                                                                                                           │
│                                                                                                                        │
│  │ trigger error                                                                                                       │
│                                                                                                                        │
│  I'm running in demo mode (no API key). Set ANTHROPICAPIKEY to enable AI responses.                                    │
│                                                                                                                        │
│  I'm running in demo mode (no API key). Set ANTHROPICAPIKEY to enable AI responses.                                    │
│                                                                                                                        │
│  │ hello                                                                                                               │
│                                                                                                                        │
│  I'm running in demo mode (no API key). Set ANTHROPICAPIKEY to enable AI responses.                                    │
│                                                                                                                        │
│  │ 🎉 celebration time 🚀                                                                                                │
│                                                                                                                        │
│  I'm running in demo mode (no API key). Set ANTHROPICAPIKEY to enable AI responses.                                    │
│                                                                                                                        │
│  │ Hello 世 界  🌍 مرحبا                                                                                                  │
│                                                                                                                        │
│  I'm running in demo mode (no API key). Set ANTHROPICAPIKEY to enable AI responses.                                    │
│                                                                                                                        │
│                                                                                                                        │
│  ╭──────────────────────────────────────────────────────────────────────────────────────────────────────────────────╮  │
│  │>                                                                                                                 │  │
│  │                                                                                                                  │  │
│  ╰──────────────────────────────────────────────────────────────────────────────────────────────────────────────────╯  │
│                                                                                                                        │
│ ? help │   Esc interrupt │   Ctrl+C clear │   / commands │                                                             │
╰────────────────────────────────────────────────────────────────────────────────────────────────────────────────────────╯
`;

exports[`Days 83-88: Command Popup › Day 88: Command popup closes on Escape | 1`] = String.raw`
╭────────────────────────────────────────────────────────────────────────────────────────────────────────────────────────╮
│ Smithers v0.1.0 │   claude-sonnet-4                                                                                    │
│                                Note: ANTHROPIC_API_KEY not set. Running in demo mode.                                  │
│                                                                                                                        │
│                                Note: ANTHROPIC_API_KEY not set. Running in demo mode.                                  │
│                                                                                                                        │
│                                Note: ANTHROPIC_API_KEY not set. Running in demo mode.                                  │
│                                                                                                                        │
│                                Note: ANTHROPIC_API_KEY not set. Running in demo mode.                                  │
│                                                                                                                        │
│                                Note: ANTHROPIC_API_KEY not set. Running in demo mode.                                  │
│                                                                                                                        │
│                                Note: ANTHROPIC_API_KEY not set. Running in demo mode.                                  │
│                                                                                                                        │
│  │ こ ん に ち は                                                                                                           │
│                                                                                                                        │
│  │ trigger error                                                                                                       │
│                                                                                                                        │
│  I'm running in demo mode (no API key). Set ANTHROPICAPIKEY to enable AI responses.                                    │
│                                                                                                                        │
│  I'm running in demo mode (no API key). Set ANTHROPICAPIKEY to enable AI responses.                                    │
│                                                                                                                        │
│  │ hello                                                                                                               │
│                                                                                                                        │
│  I'm running in demo mode (no API key). Set ANTHROPICAPIKEY to enable AI responses.                                    │
│                                                                                                                        │
│  │ 🎉 celebration time 🚀                                                                                                │
│                                                                                                                        │
│  I'm running in demo mode (no API key). Set ANTHROPICAPIKEY to enable AI responses.                                    │
│                                                                                                                        │
│  │ Hello 世 界  🌍 مرحبا                                                                                                  │
│                                                                                                                        │
│  I'm running in demo mode (no API key). Set ANTHROPICAPIKEY to enable AI responses.                                    │
│                                                                                                                        │
│                                                                                                                        │
│  ╭──────────────────────────────────────────────────────────────────────────────────────────────────────────────────╮  │
│  │>                                                                                                                 │  │
│  │                                                                                                                  │  │
│  ╰──────────────────────────────────────────────────────────────────────────────────────                               │
│                                                                                                                        │
│                                                                                                                        │
╰────────────────────────────────────────────────────────────────────────────────────────────────────────────────────────╯
`;

exports[`Days 89-92: Input History › Day 89: Up arrow recalls previous input | 1`] = String.raw`
╭────────────────────────────────────────────────────────────────────────────────────────────────────────────────────────╮
│ Smithers v0.1.0 │   claude-sonnet-4                                                                                    │
│                                Note: ANTHROPIC_API_KEY not set. Running in demo mode.                                  │
│                                                                                                                        │
│                                Note: ANTHROPIC_API_KEY not set. Running in demo mode.                                  │
│                                                                                                                        │
│                                Note: ANTHROPIC_API_KEY not set. Running in demo mode.                                  │
│                                                                                                                        │
│                                Note: ANTHROPIC_API_KEY not set. Running in demo mode.                                  │
│                                                                                                                        │
│                                Note: ANTHROPIC_API_KEY not set. Running in demo mode.                                  │
│                                                                                                                        │
│                                Note: ANTHROPIC_API_KEY not set. Running in demo mode.                                  │
│                                                                                                                        │
│  │ こ ん に ち は                                                                                                           │
│                                                                                                                        │
│  │ trigger error                                                                                                       │
│                                                                                                                        │
│  I'm running in demo mode (no API key). Set ANTHROPICAPIKEY to enable AI responses.                                    │
│                                                                                                                        │
│  I'm running in demo mode (no API key). Set ANTHROPICAPIKEY to enable AI responses.                                    │
│                                                                                                                        │
│  │ hello                                                                                                               │
│                                                                                                                        │
│  I'm running in demo mode (no API key). Set ANTHROPICAPIKEY to enable AI responses.                                    │
│                                                                                                                        │
│  │ 🎉 celebration time 🚀                                                                                                │
│                                                                                                                        │
│  I'm running in demo mode (no API key). Set ANTHROPICAPIKEY to enable AI responses.                                    │
│                                                                                                                        │
│  │ Hello 世 界  🌍 مرحبا                                                                                                  │
│                                                                                                                        │
│  I'm running in demo mode (no API key). Set ANTHROPICAPIKEY to enable AI responses.                                    │
│                                                                                                                        │
│                                                                                                                        │
│  ╭──────────────────────────────────────────────────────────────────────────────────────────────────────────────────╮  │
│  │>                                                                                                                 │  │
│  │                                                                                                                  │  │
│  ╰──────────────────────────────────────────────────────────────────────────────────────────────────────────────────╯  │
│                                                                                                                        │
│ ? help │   Esc interrupt │   Ctrl+C clear │   / commands │                                                             │
╰────────────────────────────────────────────────────────────────────────────────────────────────────────────────────────╯
`;

exports[`Days 89-92: Input History › Day 91: History navigation stops at oldest entry | 1`] = String.raw`
╭────────────────────────────────────────────────────────────────────────────────────────────────────────────────────────╮
│ Smithers v0.1.0 │   claude-sonnet-4                                                                                    │
│                                Note: ANTHROPIC_API_KEY not set. Running in demo mode.                                  │
│                                                                                                                        │
│                                Note: ANTHROPIC_API_KEY not set. Running in demo mode.                                  │
│                                                                                                                        │
│                                Note: ANTHROPIC_API_KEY not set. Running in demo mode.                                  │
│                                                                                                                        │
│                                Note: ANTHROPIC_API_KEY not set. Running in demo mode.                                  │
│                                                                                                                        │
│                                Note: ANTHROPIC_API_KEY not set. Running in demo mode.                                  │
│                                                                                                                        │
│                                Note: ANTHROPIC_API_KEY not set. Running in demo mode.                                  │
│                                                                                                                        │
│  │ こ ん に ち は                                                                                                           │
│                                                                                                                        │
│  │ trigger error                                                                                                       │
│                                                                                                                        │
│  I'm running in demo mode (no API key). Set ANTHROPICAPIKEY to enable AI responses.                                    │
│                                                                                                                        │
│  I'm running in demo mode (no API key). Set ANTHROPICAPIKEY to enable AI responses.                                    │
│                                                                                                                        │
│  │ hello                                                                                                               │
│                                                                                                                        │
│  I'm running in demo mode (no API key). Set ANTHROPICAPIKEY to enable AI responses.                                    │
│                                                                                                                        │
│  │ 🎉 celebration time 🚀                                                                                                │
│                                                                                                                        │
│  I'm running in demo mode (no API key). Set ANTHROPICAPIKEY to enable AI responses.                                    │
│                                                                                                                        │
│  │ Hello 世 界  🌍 مرحبا                                                                                                  │
│                                                                                                                        │
│  I'm running in demo mode (no API key). Set ANTHROPICAPIKEY to enable AI responses.                                    │
│                                                                                                                        │
│                                                                                                                        │
│  ╭──────────────────────────────────────────────────────────────────────────────────────────────────────────────────╮  │
│  │>                                                                                                                 │  │
│  │                                                                                                                  │  │
│  ╰──────────────────────────────────────────────────────────────────────────────────────────────────────────────────╯  │
│                                                                                                                        │
│ ? help │   Esc interrupt │   Ctrl+C clear │   / commands │                                                             │
╰────────────────────────────────────────────────────────────────────────────────────────────────────────────────────────╯
`;

exports[`Days 89-92: Input History › Day 92: Editing recalled history creates new entry | 1`] = String.raw`
╭────────────────────────────────────────────────────────────────────────────────────────────────────────────────────────╮
│ Smithers v0.1.0 │   claude-sonnet-4                                                                                    │
│                                Note: ANTHROPIC_API_KEY not set. Running in demo mode.                                  │
│                                                                                                                        │
│                                Note: ANTHROPIC_API_KEY not set. Running in demo mode.                                  │
│                                                                                                                        │
│                                Note: ANTHROPIC_API_KEY not set. Running in demo mode.                                  │
│                                                                                                                        │
│                                Note: ANTHROPIC_API_KEY not set. Running in demo mode.                                  │
│                                                                                                                        │
│                                Note: ANTHROPIC_API_KEY not set. Running in demo mode.                                  │
│                                                                                                                        │
│                                Note: ANTHROPIC_API_KEY not set. Running in demo mode.                                  │
│                                                                                                                        │
│  │ こ ん に ち は                                                                                                           │
│                                                                                                                        │
│  │ trigger error                                                                                                       │
│                                                                                                                        │
│  I'm running in demo mode (no API key). Set ANTHROPICAPIKEY to enable AI responses.                                    │
│                                                                                                                        │
│  I'm running in demo mode (no API key). Set ANTHROPICAPIKEY to enable AI responses.                                    │
│                                                                                                                        │
│  │ hello                                                                                                               │
│                                                                                                                        │
│  I'm running in demo mode (no API key). Set ANTHROPICAPIKEY to enable AI responses.                                    │
│                                                                                                                        │
│  │ 🎉 celebration time 🚀                                                                                                │
│                                                                                                                        │
│  I'm running in demo mode (no API key). Set ANTHROPICAPIKEY to enable AI responses.                                    │
│                                                                                                                        │
│  │ Hello 世 界  🌍 مرحبا                                                                                                  │
│                                                                                                                        │
│  I'm running in demo mode (no API key). Set ANTHROPICAPIKEY to enable AI responses.                                    │
│                                                                                                                        │
│                                                                                                                        │
│  ╭──────────────────────────────────────────────────────────────────────────────────────────────────────────────────╮  │
│  │>                                                                                                                 │  │
│  │                                                                                                                  │  │
│  ╰──────────────────────────────────────────────────────────────────────────────────────────────────────────────────╯  │
│                                                                                                                        │
│ ? help │   Esc interrupt │   Ctrl+C clear │   / commands │                                                             │
╰────────────────────────────────────────────────────────────────────────────────────────────────────────────────────────╯
`;

