// TUI Test Snapshot v1

exports[`Day 42: Session Persistence › session persists after exit and restart | 1`] = String.raw`
╭────────────────────────────────────────────────────────────────────────────────────────────────────────────────────────╮
│ Smithers v0.1.0 │   claude-sonnet-4                                                                                    │
│                                                                                                                        │
│                                                                                                                        │
│                                                                                                                        │
│                                                                                                                        │
│                                                                                                                        │
│                                                                                                                        │
│                                                                                                                        │
│                                                                                                                        │
│                                                                                                                        │
│                             ███████╗███╗   ███╗██╗████████╗██╗  ██╗███████╗██████╗ ███████╗                            │
│                             ██╔════╝████╗ ████║██║╚══██╔══╝██║  ██║██╔════╝██╔══██╗██╔════╝                            │
│                             ███████╗██╔████╔██║██║   ██║   ███████║█████╗  ██████╔╝███████╗                            │
│                             ╚════██║██║╚██╔╝██║██║   ██║   ██╔══██║██╔══╝  ██╔══██╗╚════██║                            │
│                             ███████║██║ ╚═╝ ██║██║   ██║   ██║  ██║███████╗██║  ██║███████║                            │
│                             ╚══════╝╚═╝     ╚═╝╚═╝   ╚═╝   ╚═╝  ╚═╝╚══════╝╚═╝  ╚═╝╚══════╝                            │
│                                                                                                                        │
│                                         Multi-Agent AI Orchestration Framework                                         │
│                                                                                                                        │
│                                                                                                                        │
│                                                                                                                        │
│                                                                                                                        │
│                                                                                                                        │
│                                                                                                                        │
│                                                                                                                        │
│                                                                                                                        │
│                                                                                                                        │
│                                                                                                                        │
│                                                                                                                        │
│                                                                                                                        │
│                                                                                                                        │
│                                                                                                                        │
│                                                                                                                        │
│                                                                                                                        │
│  ╭──────────────────────────────────────────────────────────────────────────────────────────────────────────────────╮  │
│  │> persistence test message                                                                                        │  │
│  │                                                                                                                  │  │
│  ╰──────────────────────────────────────────────────────────────────────────────────────────────────────────────────╯  │
│                                                                                                                        │
│ ? help │   Esc interrupt │   Ctrl+C clear │   / commands │                                                             │
╰────────────────────────────────────────────────────────────────────────────────────────────────────────────────────────╯
`;

